// Jest Snapshot v1, https://goo.gl/fbAQLP

exports[`AgentEdit should render correctly 1`] = `
<MemoryRouter
  keyLength={0}
>
  <Router
    history={
      Object {
        "action": "POP",
        "block": [Function],
        "canGo": [Function],
        "createHref": [Function],
        "entries": Array [
          Object {
            "hash": "",
            "pathname": "/",
            "search": "",
            "state": undefined,
          },
        ],
        "go": [Function],
        "goBack": [Function],
        "goForward": [Function],
        "index": 0,
        "length": 1,
        "listen": [Function],
        "location": Object {
          "hash": "",
          "pathname": "/",
          "search": "",
          "state": undefined,
        },
        "push": [Function],
        "replace": [Function],
      }
    }
  >
    <withRouter(AgentEdit)
      agent={
        Object {
          "data": Object {},
          "id": "90346453",
          "ip": "192.168.1.10",
          "isOnline": true,
          "name": "Livingroom",
          "type": "type1-v0.3.3",
        }
      }
      agentConfig={
        Object {
          "id": "90346453",
          "name": "Livingroom",
          "temperature": 0,
        }
      }
    >
      <Route>
        <AgentEdit
          agent={
            Object {
              "data": Object {},
              "id": "90346453",
              "ip": "192.168.1.10",
              "isOnline": true,
              "name": "Livingroom",
              "type": "type1-v0.3.3",
            }
          }
          agentConfig={
            Object {
              "id": "90346453",
              "name": "Livingroom",
              "temperature": 0,
            }
          }
          history={
            Object {
              "action": "POP",
              "block": [Function],
              "canGo": [Function],
              "createHref": [Function],
              "entries": Array [
                Object {
                  "hash": "",
                  "pathname": "/",
                  "search": "",
                  "state": undefined,
                },
              ],
              "go": [Function],
              "goBack": [Function],
              "goForward": [Function],
              "index": 0,
              "length": 1,
              "listen": [Function],
              "location": Object {
                "hash": "",
                "pathname": "/",
                "search": "",
                "state": undefined,
              },
              "push": [Function],
              "replace": [Function],
            }
          }
          location={
            Object {
              "hash": "",
              "pathname": "/",
              "search": "",
              "state": undefined,
            }
          }
          match={
            Object {
              "isExact": true,
              "params": Object {},
              "path": "/",
              "url": "/",
            }
          }
        >
          <div
            className="gc-panel gc-panel--separator"
          >
            <div
              className="gc-flex"
            >
              <div
                className="gc-flex__item gm-spacing-rl gc-card gc-card--gradient gc-panel"
              >
                <div
                  className="gc-panel__title"
                >
                  Adjustments
                </div>
                <div
                  className="gc-panel__content"
                >
                  <p>
                    Adjust agent with custom settings.
                  </p>
                  <div
                    className="gc-input gc-input--full"
                  >
                    <div
                      className="gc-input__label"
                    >
                      Name
                    </div>
                    <input
                      className="gc-input__field"
                      onChange={[Function]}
                      value="Livingroom"
                    />
                  </div>
                  <div
                    className="gc-input gc-input--full"
                  >
                    <div
                      className="gc-input__label"
                    >
                      Temperature modifier
                    </div>
                    <input
                      className="gc-input__field"
                      onChange={[Function]}
                      value=""
                    />
                  </div>
                </div>
                <div
                  className="gc-panel__footer"
                >
                  <button
                    className="gc-btn gc-btn--full gc-btn--primary"
                    onClick={[Function]}
                    type="button"
                  >
                    Update
                  </button>
                </div>
              </div>
              <div
                className="gc-flex__item gc-card gc-card--gradient gc-panel"
              >
                <div
                  className="gc-panel__title"
                >
                  Remove agent
                </div>
                <div
                  className="gc-panel__content"
                >
                  Remove agent permanently.
                </div>
                <div
                  className="gc-panel__footer"
                >
                  <button
                    className="tst-delete gc-btn gc-btn--full gc-btn--primary"
                    onClick={[Function]}
                    type="button"
                  >
                    Delete
                  </button>
                </div>
              </div>
            </div>
          </div>
        </AgentEdit>
      </Route>
    </withRouter(AgentEdit)>
  </Router>
</MemoryRouter>
`;
