// Jest Snapshot v1, https://goo.gl/fbAQLP

exports[`Icon should render correctly 1`] = `
<Icon
  className=""
>
  <span
    className="c-icon  "
  />
</Icon>
`;
